// Jest Snapshot v1, https://goo.gl/fbAQLP

exports[`Button should match snapshot on hover 1`] = `ShallowWrapper {}`;

exports[`Button should match snapshot on hover 2`] = `ShallowWrapper {}`;
